  slcan0  1401557F   [8]  D3 03 00 00 00 00 00 CF
  slcan0  1401557D   [8]  4E 00 00 00 00 00 00 CD
  slcan0  1401557F   [8]  D4 03 00 00 00 00 00 D0
  slcan0  1401557D   [8]  4F 00 00 00 00 00 00 CE
  slcan0  1401557F   [8]  D5 03 00 00 00 00 00 D1
  slcan0  1401557D   [8]  50 00 00 00 00 00 00 CF
  slcan0  1401557F   [8]  01 00 00 00 08 00 00 C0
  slcan0  1E01FFFF   [1]  C2
  slcan0  1E017FFF   [8]  F6 8E 01 00 00 00 08 82
  slcan0  1E017FFF   [8]  00 00 00 00 00 00 00 22
  slcan0  1E017FFF   [8]  00 00 00 00 00 00 00 02
  slcan0  1E017FFF   [8]  00 00 00 00 00 00 00 22
  slcan0  1E017FFF   [8]  00 00 00 00 00 00 00 02
  slcan0  1E017FFF   [8]  00 00 00 00 00 00 00 22
  slcan0  1E017FFF   [2]  00 42
  slcan0  1401557F   [8]  D6 03 00 00 00 00 00 D2
  slcan0  1401557D   [8]  51 00 00 00 00 00 00 D0
  slcan0  1401557F   [8]  02 00 00 00 08 00 00 C1
  slcan0  1401557F   [8]  D7 03 00 00 00 00 00 D3
  slcan0  1401557D   [8]  52 00 00 00 00 00 00 D1
  slcan0  1401557F   [8]  03 00 00 00 08 00 00 C2
  slcan0  1401557F   [8]  D8 03 00 00 00 00 00 D4
  slcan0  1401557D   [8]  53 00 00 00 00 00 00 D2
  slcan0  1401557F   [8]  04 00 00 00 08 00 00 C3
  slcan0  1401557F   [8]  D9 03 00 00 00 00 00 D5
  slcan0  1401557D   [8]  54 00 00 00 00 00 00 D3
  slcan0  1401557F   [8]  05 00 00 00 08 00 00 C4
  slcan0  1401557F   [8]  DA 03 00 00 00 00 00 D6
  slcan0  1401557D   [8]  55 00 00 00 00 00 00 D4
  slcan0  1401557F   [8]  06 00 00 00 08 00 00 C5
  slcan0  1401557F   [8]  DB 03 00 00 00 00 00 D7
  slcan0  1401557D   [8]  56 00 00 00 00 00 00 D5
  slcan0  1401557F   [8]  DC 03 00 00 00 00 00 D8
  slcan0  1401557D   [8]  57 00 00 00 00 00 00 D6
  slcan0  1401557F   [8]  DD 03 00 00 00 00 00 D9
  slcan0  1401557D   [8]  58 00 00 00 00 00 00 D7
  slcan0  1401557F   [8]  DE 03 00 00 00 00 00 DA
  slcan0  1401557D   [8]  59 00 00 00 00 00 00 D8
  slcan0  1401557F   [8]  DF 03 00 00 00 00 00 DB
  slcan0  1401557D   [8]  5A 00 00 00 00 00 00 D9
  slcan0  1401557F   [8]  E0 03 00 00 00 00 00 DC
  slcan0  1401557D   [8]  5B 00 00 00 00 00 00 DA
  slcan0  1401557F   [8]  E1 03 00 00 00 00 00 DD
  slcan0  1401557D   [8]  5C 00 00 00 00 00 00 DB
  slcan0  1401557F   [8]  E2 03 00 00 00 00 00 DE
  slcan0  1401557D   [8]  5D 00 00 00 00 00 00 DC
  slcan0  1401557F   [8]  E3 03 00 00 00 00 00 DF
  slcan0  1401557D   [8]  5E 00 00 00 00 00 00 DD
  slcan0  1401557F   [8]  E4 03 00 00 00 00 00 C0
  slcan0  1401557D   [8]  5F 00 00 00 00 00 00 DE
  slcan0  1401557F   [8]  E5 03 00 00 00 00 00 C1
  slcan0  1401557D   [8]  60 00 00 00 00 00 00 DF
  slcan0  1401557F   [8]  E6 03 00 00 00 00 00 C2
  slcan0  1401557D   [8]  61 00 00 00 00 00 00 C0
  slcan0  1401557F   [8]  E7 03 00 00 00 00 00 C3
  slcan0  1401557D   [8]  62 00 00 00 00 00 00 C1
  slcan0  1401557F   [8]  E8 03 00 00 00 00 00 C4
  slcan0  1401557D   [8]  63 00 00 00 00 00 00 C2
  slcan0  1401557F   [8]  E9 03 00 00 00 00 00 C5
  slcan0  1401557D   [8]  64 00 00 00 00 00 00 C3
  slcan0  1401557F   [8]  EA 03 00 00 00 00 00 C6
  slcan0  1401557D   [8]  65 00 00 00 00 00 00 C4
  slcan0  1401557F   [8]  EB 03 00 00 00 00 00 C7
  slcan0  1401557D   [8]  66 00 00 00 00 00 00 C5
  slcan0  1401557F   [8]  EC 03 00 00 00 00 00 C8
  slcan0  1401557D   [8]  67 00 00 00 00 00 00 C6
  slcan0  1401557F   [8]  ED 03 00 00 00 00 00 C9
  slcan0  1401557D   [8]  68 00 00 00 00 00 00 C7
  slcan0  1401557F   [8]  EE 03 00 00 00 00 00 CA
  slcan0  1401557D   [8]  69 00 00 00 00 00 00 C8
  slcan0  1401557F   [8]  EF 03 00 00 00 00 00 CB
  slcan0  1401557D   [8]  6A 00 00 00 00 00 00 C9
  slcan0  1401557F   [8]  F0 03 00 00 00 00 00 CC
  slcan0  1401557D   [8]  6B 00 00 00 00 00 00 CA
  slcan0  1401557F   [8]  F1 03 00 00 00 00 00 CD
  slcan0  1401557D   [8]  6C 00 00 00 00 00 00 CB
  slcan0  1401557F   [8]  F2 03 00 00 00 00 00 CE
  slcan0  1401557D   [8]  6D 00 00 00 00 00 00 CC
  slcan0  1401557F   [8]  F3 03 00 00 00 00 00 CF
  slcan0  1401557D   [8]  6E 00 00 00 00 00 00 CD
  slcan0  1401557F   [8]  F4 03 00 00 00 00 00 D0
  slcan0  1401557D   [8]  6F 00 00 00 00 00 00 CE
  slcan0  1401557F   [8]  F5 03 00 00 00 00 00 D1
  slcan0  1401557D   [8]  70 00 00 00 00 00 00 CF
  slcan0  1401557F   [8]  F6 03 00 00 00 00 00 D2
  slcan0  1401557D   [8]  71 00 00 00 00 00 00 D0
  slcan0  1401557F   [8]  F7 03 00 00 00 00 00 D3
  slcan0  1401557D   [8]  72 00 00 00 00 00 00 D1
  slcan0  1401557F   [8]  F8 03 00 00 00 00 00 D4
  slcan0  1401557D   [8]  73 00 00 00 00 00 00 D2
  slcan0  1401557F   [8]  F9 03 00 00 00 00 00 D5
  slcan0  1401557D   [8]  74 00 00 00 00 00 00 D3
  slcan0  1401557F   [8]  FA 03 00 00 00 00 00 D6
  slcan0  1401557D   [8]  75 00 00 00 00 00 00 D4
  slcan0  1401557F   [8]  01 00 00 00 08 00 00 C0
  slcan0  1E01FFFF   [1]  C3
  slcan0  1E017FFF   [8]  F6 8E 01 00 00 00 08 83
  slcan0  1E017FFF   [8]  00 00 00 00 00 00 00 23
  slcan0  1E017FFF   [8]  00 00 00 00 00 00 00 03
  slcan0  1E017FFF   [8]  00 00 00 00 00 00 00 23
  slcan0  1E017FFF   [8]  00 00 00 00 00 00 00 03
  slcan0  1E017FFF   [8]  00 00 00 00 00 00 00 23
  slcan0  1E017FFF   [2]  00 43
  slcan0  1401557F   [8]  FB 03 00 00 00 00 00 D7
  slcan0  1401557D   [8]  76 00 00 00 00 00 00 D5
  slcan0  1401557F   [8]  02 00 00 00 08 00 00 C1
  slcan0  1401557F   [8]  FC 03 00 00 00 00 00 D8
  slcan0  1401557D   [8]  77 00 00 00 00 00 00 D6
  slcan0  1401557F   [8]  03 00 00 00 08 00 00 C2
  slcan0  1401557F   [8]  FD 03 00 00 00 00 00 D9
  slcan0  1401557D   [8]  78 00 00 00 00 00 00 D7
  slcan0  1401557F   [8]  04 00 00 00 08 00 00 C3
  slcan0  1401557F   [8]  FE 03 00 00 00 00 00 DA
  slcan0  1401557D   [8]  79 00 00 00 00 00 00 D8
  slcan0  1401557F   [8]  05 00 00 00 08 00 00 C4
  slcan0  1401557F   [8]  FF 03 00 00 00 00 00 DB
  slcan0  1401557D   [8]  7A 00 00 00 00 00 00 D9
  slcan0  1401557F   [8]  06 00 00 00 08 00 00 C5
  slcan0  1428FDFF   [8]  35 26 00 6E 6F 64 65 80
  slcan0  1428FDFF   [5]  2E 62 69 6E 60
  slcan0  10287FFD   [2]  00 C0
  slcan0  1401557D   [8]  7A 00 00 00 18 00 00 DA
  slcan0  103FFF7D   [8]  81 4E 24 62 6F 6F 74 81
  slcan0  103FFF7D   [8]  42 65 67 69 6E 46 69 21
  slcan0  103FFF7D   [8]  72 6D 77 61 72 65 55 01
  slcan0  103FFF7D   [8]  70 64 61 74 65 20 2D 21
  slcan0  103FFF7D   [8]  3E 20 45 52 52 4F 52 01
  slcan0  103FFF7D   [4]  5F 4F 4B 61
  slcan0  102D80FD   [8]  CC FE 6E 6F 64 65 2E 80
  slcan0  102D80FD   [4]  62 69 6E 60
  slcan0  103FFF7D   [8]  B5 D1 24 62 6F 6F 74 82
  slcan0  103FFF7D   [8]  47 65 74 49 6E 66 6F 22
  slcan0  103FFF7D   [8]  20 72 65 71 75 65 73 02
  slcan0  103FFF7D   [7]  74 20 73 65 6E 74 62
  slcan0  1401557F   [8]  00 04 00 00 00 00 00 DC
  slcan0  1401557D   [8]  7B 00 00 00 18 00 00 DB
  slcan0  1401557F   [8]  07 00 00 00 08 00 00 C6
  slcan0  103FFF7D   [8]  AC D2 44 62 6F 6F 74 83
  slcan0  103FFF7D   [8]  47 65 74 49 6E 66 6F 23
  slcan0  103FFF7D   [8]  20 74 69 6D 65 6F 75 03
  slcan0  103FFF7D   [2]  74 63
  slcan0  1401557F   [8]  01 04 00 00 00 00 00 DD
  slcan0  1401557D   [8]  7C 00 00 00 00 00 00 DC
  slcan0  1401557F   [8]  08 00 00 00 08 00 00 C7
  slcan0  1401557F   [8]  02 04 00 00 00 00 00 DE
  slcan0  1401557D   [8]  7D 00 00 00 00 00 00 DD
  slcan0  1401557F   [8]  09 00 00 00 08 00 00 C8
  slcan0  1401557F   [8]  03 04 00 00 00 00 00 DF
  slcan0  1401557D   [8]  7E 00 00 00 00 00 00 DE
  slcan0  1401557F   [8]  0A 00 00 00 08 00 00 C9
  slcan0  1401557F   [8]  04 04 00 00 00 00 00 C0
  slcan0  1401557D   [8]  7F 00 00 00 00 00 00 DF
  slcan0  1401557F   [8]  0B 00 00 00 08 00 00 CA
  slcan0  1401557F   [8]  05 04 00 00 00 00 00 C1
  slcan0  1401557D   [8]  80 00 00 00 00 00 00 C0
  slcan0  1401557F   [8]  0C 00 00 00 08 00 00 CB
  slcan0  1401557F   [8]  06 04 00 00 00 00 00 C2
  slcan0  1401557D   [8]  81 00 00 00 00 00 00 C1
  slcan0  1401557F   [8]  0D 00 00 00 08 00 00 CC
  slcan0  1401557F   [8]  07 04 00 00 00 00 00 C3
  slcan0  1401557D   [8]  82 00 00 00 00 00 00 C2
  slcan0  1401557F   [8]  0E 00 00 00 08 00 00 CD
  slcan0  1401557F   [8]  08 04 00 00 00 00 00 C4
  slcan0  1401557D   [8]  83 00 00 00 00 00 00 C3
  slcan0  1401557F   [8]  0F 00 00 00 08 00 00 CE
  slcan0  1401557F   [8]  09 04 00 00 00 00 00 C5
  slcan0  1401557D   [8]  84 00 00 00 00 00 00 C4
  slcan0  1401557F   [8]  10 00 00 00 08 00 00 CF
  slcan0  1401557F   [8]  0A 04 00 00 00 00 00 C6
  slcan0  1401557D   [8]  85 00 00 00 00 00 00 C5
  slcan0  1401557F   [8]  11 00 00 00 08 00 00 D0
  slcan0  1401557F   [8]  0B 04 00 00 00 00 00 C7
  slcan0  1401557D   [8]  86 00 00 00 00 00 00 C6
  slcan0  1401557F   [8]  12 00 00 00 08 00 00 D1
  slcan0  1401557F   [8]  0C 04 00 00 00 00 00 C8
  slcan0  1401557D   [8]  87 00 00 00 00 00 00 C7
  slcan0  1401557F   [8]  13 00 00 00 08 00 00 D2
  slcan0  1401557F   [8]  0D 04 00 00 00 00 00 C9
  slcan0  1401557D   [8]  88 00 00 00 00 00 00 C8
  slcan0  1401557F   [8]  14 00 00 00 08 00 00 D3
  slcan0  1401557F   [8]  0E 04 00 00 00 00 00 CA
  slcan0  1401557D   [8]  89 00 00 00 00 00 00 C9
  slcan0  1401557F   [8]  15 00 00 00 08 00 00 D4
  slcan0  1401557F   [8]  0F 04 00 00 00 00 00 CB
  slcan0  1401557D   [8]  8A 00 00 00 00 00 00 CA
  slcan0  1401557F   [8]  16 00 00 00 08 00 00 D5
  slcan0  1401557F   [8]  10 04 00 00 00 00 00 CC
  slcan0  1401557D   [8]  8B 00 00 00 00 00 00 CB
  slcan0  1401557F   [8]  17 00 00 00 08 00 00 D6
  slcan0  1401557F   [8]  11 04 00 00 00 00 00 CD
  slcan0  1401557D   [8]  8C 00 00 00 00 00 00 CC
  slcan0  1401557F   [8]  18 00 00 00 08 00 00 D7
  slcan0  1401557F   [8]  12 04 00 00 00 00 00 CE
  slcan0  1401557D   [8]  8D 00 00 00 00 00 00 CD
  slcan0  1401557F   [8]  19 00 00 00 08 00 00 D8
  slcan0  1401557F   [8]  13 04 00 00 00 00 00 CF
  slcan0  1401557D   [8]  8E 00 00 00 00 00 00 CE
  slcan0  1401557F   [8]  1A 00 00 00 08 00 00 D9
  slcan0  1401557F   [8]  14 04 00 00 00 00 00 D0
  slcan0  1401557D   [8]  8F 00 00 00 00 00 00 CF
  slcan0  1401557F   [8]  1B 00 00 00 08 00 00 DA
  slcan0  1401557F   [8]  15 04 00 00 00 00 00 D1
  slcan0  1401557D   [8]  90 00 00 00 00 00 00 D0
  slcan0  1401557F   [8]  1C 00 00 00 08 00 00 DB
  slcan0  1401557F   [8]  16 04 00 00 00 00 00 D2
  slcan0  1401557D   [8]  91 00 00 00 00 00 00 D1
  slcan0  1401557F   [8]  1D 00 00 00 08 00 00 DC
  slcan0  1401557F   [8]  17 04 00 00 00 00 00 D3
  slcan0  1401557D   [8]  92 00 00 00 00 00 00 D2
  slcan0  1401557F   [8]  1E 00 00 00 08 00 00 DD
  slcan0  1401557F   [8]  18 04 00 00 00 00 00 D4
  slcan0  1401557D   [8]  93 00 00 00 00 00 00 D3
  slcan0  1401557F   [8]  1F 00 00 00 08 00 00 DE
  slcan0  1401557F   [8]  19 04 00 00 00 00 00 D5
  slcan0  1401557D   [8]  94 00 00 00 00 00 00 D4
  slcan0  1401557F   [8]  20 00 00 00 08 00 00 DF
  slcan0  1401557F   [8]  1A 04 00 00 00 00 00 D6
  slcan0  1401557D   [8]  95 00 00 00 00 00 00 D5
  slcan0  1401557F   [8]  21 00 00 00 08 00 00 C0
  slcan0  1401557F   [8]  1B 04 00 00 00 00 00 D7
  slcan0  1401557D   [8]  96 00 00 00 00 00 00 D6
  slcan0  1401557F   [8]  22 00 00 00 08 00 00 C1
  slcan0  1401557F   [8]  1C 04 00 00 00 00 00 D8
  slcan0  1401557D   [8]  97 00 00 00 00 00 00 D7
  slcan0  1401557F   [8]  23 00 00 00 08 00 00 C2
  slcan0  1401557F   [8]  1D 04 00 00 00 00 00 D9
  slcan0  1401557D   [8]  98 00 00 00 00 00 00 D8
  slcan0  1401557F   [8]  24 00 00 00 08 00 00 C3
  slcan0  1401557F   [8]  1E 04 00 00 00 00 00 DA
  slcan0  1401557D   [8]  99 00 00 00 00 00 00 D9
  slcan0  1401557F   [8]  25 00 00 00 08 00 00 C4
  slcan0  1401557F   [8]  1F 04 00 00 00 00 00 DB
  slcan0  1401557D   [8]  9A 00 00 00 00 00 00 DA
  slcan0  1401557F   [8]  26 00 00 00 08 00 00 C5
  slcan0  1401557F   [8]  20 04 00 00 00 00 00 DC
  slcan0  1401557D   [8]  9B 00 00 00 00 00 00 DB
  slcan0  1401557F   [8]  27 00 00 00 08 00 00 C6
  slcan0  1401557F   [8]  21 04 00 00 00 00 00 DD
  slcan0  1401557D   [8]  9C 00 00 00 00 00 00 DC
  slcan0  1401557F   [8]  28 00 00 00 08 00 00 C7
  slcan0  1401557F   [8]  22 04 00 00 00 00 00 DE
  slcan0  1401557D   [8]  9D 00 00 00 00 00 00 DD
  slcan0  1401557F   [8]  29 00 00 00 08 00 00 C8
  slcan0  1401557F   [8]  23 04 00 00 00 00 00 DF
  slcan0  1401557D   [8]  9E 00 00 00 00 00 00 DE
  slcan0  1401557F   [8]  2A 00 00 00 08 00 00 C9
  slcan0  1401557F   [8]  24 04 00 00 00 00 00 C0
  slcan0  1401557D   [8]  9F 00 00 00 00 00 00 DF
  slcan0  1401557F   [8]  2B 00 00 00 08 00 00 CA
  slcan0  1401557F   [8]  25 04 00 00 00 00 00 C1
  slcan0  1401557D   [8]  A0 00 00 00 00 00 00 C0
  slcan0  1401557F   [8]  2C 00 00 00 08 00 00 CB
  slcan0  1401557D   [8]  A1 00 00 00 00 00 00 C1
  slcan0  1401557F   [8]  26 04 00 00 00 00 00 C2
  slcan0  1401557F   [8]  2D 00 00 00 08 00 00 CC
  slcan0  1401557D   [8]  A2 00 00 00 00 00 00 C2
  slcan0  1401557F   [8]  27 04 00 00 00 00 00 C3
  slcan0  1401557F   [8]  2E 00 00 00 08 00 00 CD
  slcan0  1401557D   [8]  A3 00 00 00 00 00 00 C3
  slcan0  1401557F   [8]  28 04 00 00 00 00 00 C4
  slcan0  1401557F   [8]  2F 00 00 00 08 00 00 CE
  slcan0  1401557D   [8]  A4 00 00 00 00 00 00 C4
  slcan0  1401557F   [8]  29 04 00 00 00 00 00 C5
  slcan0  1401557F   [8]  30 00 00 00 08 00 00 CF
  slcan0  1401557D   [8]  A5 00 00 00 00 00 00 C5
  slcan0  1401557F   [8]  2A 04 00 00 00 00 00 C6
  slcan0  1401557F   [8]  31 00 00 00 08 00 00 D0
  slcan0  1401557D   [8]  A6 00 00 00 00 00 00 C6
  slcan0  1401557F   [8]  2B 04 00 00 00 00 00 C7
  slcan0  1401557F   [8]  32 00 00 00 08 00 00 D1
  slcan0  1401557D   [8]  A7 00 00 00 00 00 00 C7
  slcan0  1401557F   [8]  2C 04 00 00 00 00 00 C8
  slcan0  1401557F   [8]  33 00 00 00 08 00 00 D2
  slcan0  1401557D   [8]  A8 00 00 00 00 00 00 C8
  slcan0  1401557F   [8]  2D 04 00 00 00 00 00 C9
  slcan0  1401557F   [8]  34 00 00 00 08 00 00 D3
  slcan0  1401557D   [8]  A9 00 00 00 00 00 00 C9
  slcan0  1401557F   [8]  2E 04 00 00 00 00 00 CA
  slcan0  1401557F   [8]  35 00 00 00 08 00 00 D4
  slcan0  1401557D   [8]  AA 00 00 00 00 00 00 CA
  slcan0  1401557F   [8]  2F 04 00 00 00 00 00 CB
  slcan0  1401557F   [8]  36 00 00 00 08 00 00 D5
  slcan0  1401557D   [8]  AB 00 00 00 00 00 00 CB
  slcan0  1401557F   [8]  30 04 00 00 00 00 00 CC
  slcan0  1401557F   [8]  37 00 00 00 08 00 00 D6
  slcan0  1401557D   [8]  AC 00 00 00 00 00 00 CC
  slcan0  1401557F   [8]  31 04 00 00 00 00 00 CD
  slcan0  1401557F   [8]  38 00 00 00 08 00 00 D7
  slcan0  1401557D   [8]  AD 00 00 00 00 00 00 CD
  slcan0  1401557F   [8]  32 04 00 00 00 00 00 CE
  slcan0  1401557F   [8]  39 00 00 00 08 00 00 D8
  slcan0  1401557D   [8]  AE 00 00 00 00 00 00 CE
  slcan0  1401557F   [8]  33 04 00 00 00 00 00 CF
  slcan0  1401557F   [8]  3A 00 00 00 08 00 00 D9
  slcan0  1401557D   [8]  AF 00 00 00 00 00 00 CF
  slcan0  1401557F   [8]  34 04 00 00 00 00 00 D0
  slcan0  1401557F   [8]  3B 00 00 00 08 00 00 DA
  slcan0  1401557D   [8]  B0 00 00 00 00 00 00 D0
  slcan0  1401557F   [8]  35 04 00 00 00 00 00 D1
  slcan0  1401557F   [8]  3C 00 00 00 08 00 00 DB
  slcan0  1401557D   [8]  B1 00 00 00 00 00 00 D1
  slcan0  1401557F   [8]  36 04 00 00 00 00 00 D2
  slcan0  1401557F   [8]  3D 00 00 00 08 00 00 DC
  slcan0  1401557D   [8]  B2 00 00 00 00 00 00 D2
  slcan0  1401557F   [8]  37 04 00 00 00 00 00 D3
  slcan0  1401557F   [8]  3E 00 00 00 08 00 00 DD
  slcan0  1401557D   [8]  B3 00 00 00 00 00 00 D3
  slcan0  1401557F   [8]  38 04 00 00 00 00 00 D4
  slcan0  1401557F   [8]  3F 00 00 00 08 00 00 DE
  slcan0  1401557D   [8]  B4 00 00 00 00 00 00 D4
  slcan0  1401557F   [8]  39 04 00 00 00 00 00 D5
  slcan0  1401557F   [8]  40 00 00 00 08 00 00 DF
  slcan0  1401557D   [8]  B5 00 00 00 00 00 00 D5
  slcan0  1401557F   [8]  3A 04 00 00 00 00 00 D6
  slcan0  1401557F   [8]  41 00 00 00 08 00 00 C0
  slcan0  1401557D   [8]  B6 00 00 00 00 00 00 D6
  slcan0  1401557F   [8]  3B 04 00 00 00 00 00 D7
  slcan0  1401557F   [8]  42 00 00 00 08 00 00 C1
  slcan0  1401557D   [8]  B7 00 00 00 00 00 00 D7
  slcan0  1401557F   [8]  3C 04 00 00 00 00 00 D8
  slcan0  1401557F   [8]  43 00 00 00 08 00 00 C2
  slcan0  1401557D   [8]  B8 00 00 00 00 00 00 D8
  slcan0  1401557F   [8]  3D 04 00 00 00 00 00 D9
  slcan0  1401557F   [8]  44 00 00 00 08 00 00 C3
  slcan0  1401557D   [8]  B9 00 00 00 00 00 00 D9
  slcan0  1401557F   [8]  3E 04 00 00 00 00 00 DA
  slcan0  1401557F   [8]  45 00 00 00 08 00 00 C4
  slcan0  1401557D   [8]  BA 00 00 00 00 00 00 DA
  slcan0  1401557F   [8]  3F 04 00 00 00 00 00 DB
  slcan0  1401557F   [8]  46 00 00 00 08 00 00 C5
  slcan0  1401557D   [8]  BB 00 00 00 00 00 00 DB
  slcan0  1401557F   [8]  40 04 00 00 00 00 00 DC
  slcan0  1401557F   [8]  47 00 00 00 08 00 00 C6
  slcan0  1401557D   [8]  BC 00 00 00 00 00 00 DC
  slcan0  1401557F   [8]  41 04 00 00 00 00 00 DD
  slcan0  1401557F   [8]  48 00 00 00 08 00 00 C7
  slcan0  1401557D   [8]  BD 00 00 00 00 00 00 DD
  slcan0  1401557F   [8]  42 04 00 00 00 00 00 DE
  slcan0  1401557F   [8]  49 00 00 00 08 00 00 C8
  slcan0  1401557D   [8]  BE 00 00 00 00 00 00 DE
  slcan0  1401557F   [8]  43 04 00 00 00 00 00 DF
  slcan0  1401557F   [8]  4A 00 00 00 08 00 00 C9
  slcan0  1401557D   [8]  BF 00 00 00 00 00 00 DF
  slcan0  1401557F   [8]  44 04 00 00 00 00 00 C0
  slcan0  1401557F   [8]  4B 00 00 00 08 00 00 CA
  slcan0  1401557D   [8]  C0 00 00 00 00 00 00 C0
  slcan0  1401557F   [8]  45 04 00 00 00 00 00 C1
  slcan0  1401557F   [8]  4C 00 00 00 08 00 00 CB
  slcan0  1428FDFF   [8]  35 26 00 6E 6F 64 65 81
  slcan0  1428FDFF   [5]  2E 62 69 6E 61
  slcan0  10287FFD   [2]  00 C1
  slcan0  1401557D   [8]  C0 00 00 00 18 00 00 C1
  slcan0  103FFF7D   [8]  81 4E 24 62 6F 6F 74 84
  slcan0  103FFF7D   [8]  42 65 67 69 6E 46 69 24
  slcan0  103FFF7D   [8]  72 6D 77 61 72 65 55 04
  slcan0  103FFF7D   [8]  70 64 61 74 65 20 2D 24
  slcan0  103FFF7D   [8]  3E 20 45 52 52 4F 52 04
  slcan0  103FFF7D   [4]  5F 4F 4B 64
  slcan0  102D80FD   [8]  CC FE 6E 6F 64 65 2E 81
  slcan0  102D80FD   [4]  62 69 6E 61
  slcan0  103FFF7D   [8]  B5 D1 24 62 6F 6F 74 85
  slcan0  103FFF7D   [8]  47 65 74 49 6E 66 6F 25
  slcan0  103FFF7D   [8]  20 72 65 71 75 65 73 05
  slcan0  103FFF7D   [7]  74 20 73 65 6E 74 65
  slcan0  1401557D   [8]  C1 00 00 00 18 00 00 C2
  slcan0  1401557F   [8]  46 04 00 00 00 00 00 C2
  slcan0  1401557F   [8]  4D 00 00 00 08 00 00 CC
  slcan0  103FFF7D   [8]  AC D2 44 62 6F 6F 74 86
  slcan0  103FFF7D   [8]  47 65 74 49 6E 66 6F 26
  slcan0  103FFF7D   [8]  20 74 69 6D 65 6F 75 06
  slcan0  103FFF7D   [2]  74 66
  slcan0  1401557D   [8]  C2 00 00 00 00 00 00 C3
  slcan0  1401557F   [8]  47 04 00 00 00 00 00 C3
  slcan0  1401557F   [8]  4E 00 00 00 08 00 00 CD
  slcan0  1401557D   [8]  C3 00 00 00 00 00 00 C4
  slcan0  1401557F   [8]  48 04 00 00 00 00 00 C4
  slcan0  1401557F   [8]  4F 00 00 00 08 00 00 CE
  slcan0  1401557D   [8]  C4 00 00 00 00 00 00 C5
  slcan0  1401557F   [8]  49 04 00 00 00 00 00 C5
  slcan0  1401557F   [8]  50 00 00 00 08 00 00 CF
  slcan0  1401557D   [8]  C5 00 00 00 00 00 00 C6
  slcan0  1401557F   [8]  4A 04 00 00 00 00 00 C6
  slcan0  1401557F   [8]  51 00 00 00 08 00 00 D0
  slcan0  1401557D   [8]  C6 00 00 00 00 00 00 C7
  slcan0  1401557F   [8]  4B 04 00 00 00 00 00 C7
  slcan0  1401557F   [8]  52 00 00 00 08 00 00 D1
  slcan0  1401557D   [8]  C7 00 00 00 00 00 00 C8
  slcan0  1401557F   [8]  4C 04 00 00 00 00 00 C8
  slcan0  1401557F   [8]  53 00 00 00 08 00 00 D2
  slcan0  1401557D   [8]  C8 00 00 00 00 00 00 C9
  slcan0  1401557F   [8]  4D 04 00 00 00 00 00 C9
  slcan0  1401557F   [8]  54 00 00 00 08 00 00 D3
  slcan0  1401557D   [8]  C9 00 00 00 00 00 00 CA
  slcan0  1401557F   [8]  4E 04 00 00 00 00 00 CA
  slcan0  1401557F   [8]  55 00 00 00 08 00 00 D4
  slcan0  1401557D   [8]  CA 00 00 00 00 00 00 CB
  slcan0  1401557F   [8]  4F 04 00 00 00 00 00 CB
  slcan0  1401557F   [8]  56 00 00 00 08 00 00 D5
  slcan0  1401557D   [8]  CB 00 00 00 00 00 00 CC
  slcan0  1401557F   [8]  50 04 00 00 00 00 00 CC
  slcan0  1401557F   [8]  57 00 00 00 08 00 00 D6
  slcan0  1401557D   [8]  CC 00 00 00 00 00 00 CD
  slcan0  1401557F   [8]  51 04 00 00 00 00 00 CD
  slcan0  1401557F   [8]  58 00 00 00 08 00 00 D7
  slcan0  1401557D   [8]  CD 00 00 00 00 00 00 CE
  slcan0  1401557F   [8]  52 04 00 00 00 00 00 CE
  slcan0  1401557F   [8]  59 00 00 00 08 00 00 D8
  slcan0  1401557D   [8]  CE 00 00 00 00 00 00 CF
  slcan0  1401557F   [8]  53 04 00 00 00 00 00 CF
  slcan0  1401557F   [8]  5A 00 00 00 08 00 00 D9
  slcan0  1401557D   [8]  CF 00 00 00 00 00 00 D0
  slcan0  1401557F   [8]  54 04 00 00 00 00 00 D0
  slcan0  1401557F   [8]  5B 00 00 00 08 00 00 DA
  slcan0  1401557D   [8]  D0 00 00 00 00 00 00 D1
  slcan0  1401557F   [8]  55 04 00 00 00 00 00 D1
  slcan0  1401557F   [8]  5C 00 00 00 08 00 00 DB
  slcan0  1401557D   [8]  D1 00 00 00 00 00 00 D2
  slcan0  1401557F   [8]  56 04 00 00 00 00 00 D2
  slcan0  1401557F   [8]  5D 00 00 00 08 00 00 DC
  slcan0  1401557D   [8]  D2 00 00 00 00 00 00 D3
  slcan0  1401557F   [8]  57 04 00 00 00 00 00 D3
  slcan0  1401557F   [8]  5E 00 00 00 08 00 00 DD
  slcan0  1401557D   [8]  D3 00 00 00 00 00 00 D4
  slcan0  1401557F   [8]  58 04 00 00 00 00 00 D4
  slcan0  1401557F   [8]  5F 00 00 00 08 00 00 DE
  slcan0  1401557D   [8]  D4 00 00 00 00 00 00 D5
  slcan0  1401557F   [8]  59 04 00 00 00 00 00 D5
  slcan0  1401557F   [8]  60 00 00 00 08 00 00 DF
  slcan0  1401557D   [8]  D5 00 00 00 00 00 00 D6
  slcan0  1401557F   [8]  5A 04 00 00 00 00 00 D6
  slcan0  1401557F   [8]  61 00 00 00 08 00 00 C0
  slcan0  1401557D   [8]  D6 00 00 00 00 00 00 D7
  slcan0  1401557F   [8]  5B 04 00 00 00 00 00 D7
  slcan0  1401557F   [8]  62 00 00 00 08 00 00 C1
  slcan0  1401557D   [8]  D7 00 00 00 00 00 00 D8
  slcan0  1401557F   [8]  5C 04 00 00 00 00 00 D8
  slcan0  1401557F   [8]  63 00 00 00 08 00 00 C2
  slcan0  1401557D   [8]  D8 00 00 00 00 00 00 D9
  slcan0  1401557F   [8]  5D 04 00 00 00 00 00 D9
  slcan0  1401557F   [8]  64 00 00 00 08 00 00 C3
  slcan0  1401557D   [8]  D9 00 00 00 00 00 00 DA
  slcan0  1401557F   [8]  5E 04 00 00 00 00 00 DA
  slcan0  1401557F   [8]  65 00 00 00 08 00 00 C4
  slcan0  1401557D   [8]  DA 00 00 00 00 00 00 DB
  slcan0  1401557F   [8]  5F 04 00 00 00 00 00 DB
  slcan0  1401557F   [8]  66 00 00 00 08 00 00 C5
  slcan0  1401557D   [8]  DB 00 00 00 00 00 00 DC
  slcan0  1401557F   [8]  60 04 00 00 00 00 00 DC
  slcan0  1401557F   [8]  67 00 00 00 08 00 00 C6
  slcan0  1401557D   [8]  DC 00 00 00 00 00 00 DD
  slcan0  1401557F   [8]  61 04 00 00 00 00 00 DD
  slcan0  1401557F   [8]  68 00 00 00 08 00 00 C7
  slcan0  1401557D   [8]  DD 00 00 00 00 00 00 DE
  slcan0  1401557F   [8]  62 04 00 00 00 00 00 DE
  slcan0  1401557F   [8]  69 00 00 00 08 00 00 C8
  slcan0  1401557D   [8]  DE 00 00 00 00 00 00 DF
  slcan0  1401557F   [8]  63 04 00 00 00 00 00 DF
  slcan0  1401557F   [8]  6A 00 00 00 08 00 00 C9
  slcan0  1401557D   [8]  DF 00 00 00 00 00 00 C0
  slcan0  1401557F   [8]  64 04 00 00 00 00 00 C0
  slcan0  1401557F   [8]  6B 00 00 00 08 00 00 CA
  slcan0  1401557D   [8]  E0 00 00 00 00 00 00 C1
  slcan0  1401557F   [8]  65 04 00 00 00 00 00 C1
  slcan0  1401557F   [8]  6C 00 00 00 08 00 00 CB
  slcan0  1401557D   [8]  E1 00 00 00 00 00 00 C2
  slcan0  1401557F   [8]  66 04 00 00 00 00 00 C2
  slcan0  1401557F   [8]  6D 00 00 00 08 00 00 CC
  slcan0  1401557D   [8]  E2 00 00 00 00 00 00 C3
  slcan0  1401557F   [8]  67 04 00 00 00 00 00 C3
  slcan0  1401557F   [8]  6E 00 00 00 08 00 00 CD
  slcan0  1401557D   [8]  E3 00 00 00 00 00 00 C4
  slcan0  1401557F   [8]  68 04 00 00 00 00 00 C4
  slcan0  1401557F   [8]  6F 00 00 00 08 00 00 CE
  slcan0  1401557D   [8]  E4 00 00 00 00 00 00 C5
  slcan0  1401557F   [8]  69 04 00 00 00 00 00 C5
  slcan0  1401557F   [8]  70 00 00 00 08 00 00 CF
  slcan0  1401557D   [8]  E5 00 00 00 00 00 00 C6
  slcan0  1401557F   [8]  6A 04 00 00 00 00 00 C6
  slcan0  1401557F   [8]  71 00 00 00 08 00 00 D0
  slcan0  1401557D   [8]  E6 00 00 00 00 00 00 C7
  slcan0  1401557F   [8]  6B 04 00 00 00 00 00 C7
  slcan0  1401557F   [8]  72 00 00 00 08 00 00 D1
  slcan0  1401557D   [8]  E7 00 00 00 00 00 00 C8
  slcan0  1401557F   [8]  6C 04 00 00 00 00 00 C8
  slcan0  1401557F   [8]  73 00 00 00 08 00 00 D2
  slcan0  1401557D   [8]  E8 00 00 00 00 00 00 C9
  slcan0  1401557F   [8]  6D 04 00 00 00 00 00 C9
  slcan0  1401557F   [8]  74 00 00 00 08 00 00 D3
  slcan0  1401557D   [8]  E9 00 00 00 00 00 00 CA
  slcan0  1401557F   [8]  6E 04 00 00 00 00 00 CA
  slcan0  1401557F   [8]  75 00 00 00 08 00 00 D4
  slcan0  1401557D   [8]  EA 00 00 00 00 00 00 CB
  slcan0  1401557F   [8]  6F 04 00 00 00 00 00 CB
  slcan0  1401557F   [8]  76 00 00 00 08 00 00 D5
  slcan0  1401557D   [8]  EB 00 00 00 00 00 00 CC
  slcan0  1401557F   [8]  70 04 00 00 00 00 00 CC
  slcan0  1401557F   [8]  77 00 00 00 08 00 00 D6
  slcan0  1401557D   [8]  EC 00 00 00 00 00 00 CD
  slcan0  1401557F   [8]  71 04 00 00 00 00 00 CD
  slcan0  1401557F   [8]  78 00 00 00 08 00 00 D7
  slcan0  1401557D   [8]  ED 00 00 00 00 00 00 CE
  slcan0  1401557F   [8]  72 04 00 00 00 00 00 CE
  slcan0  1401557F   [8]  79 00 00 00 08 00 00 D8
  slcan0  1401557D   [8]  EE 00 00 00 00 00 00 CF
  slcan0  1401557F   [8]  73 04 00 00 00 00 00 CF
  slcan0  1401557F   [8]  7A 00 00 00 08 00 00 D9
  slcan0  1401557D   [8]  EF 00 00 00 00 00 00 D0
  slcan0  1401557F   [8]  74 04 00 00 00 00 00 D0
  slcan0  1401557F   [8]  7B 00 00 00 08 00 00 DA
  slcan0  1401557D   [8]  F0 00 00 00 00 00 00 D1
  slcan0  1401557F   [8]  75 04 00 00 00 00 00 D1
  slcan0  1401557F   [8]  7C 00 00 00 08 00 00 DB
  slcan0  1401557D   [8]  F1 00 00 00 00 00 00 D2
  slcan0  1401557F   [8]  76 04 00 00 00 00 00 D2
  slcan0  1401557F   [8]  7D 00 00 00 08 00 00 DC
  slcan0  1401557D   [8]  F2 00 00 00 00 00 00 D3
  slcan0  1401557F   [8]  77 04 00 00 00 00 00 D3
  slcan0  1401557F   [8]  7E 00 00 00 08 00 00 DD
  slcan0  1401557D   [8]  F3 00 00 00 00 00 00 D4
  slcan0  1401557F   [8]  78 04 00 00 00 00 00 D4
  slcan0  1401557F   [8]  7F 00 00 00 08 00 00 DE
  slcan0  1401557D   [8]  F4 00 00 00 00 00 00 D5
  slcan0  1401557F   [8]  79 04 00 00 00 00 00 D5
  slcan0  1401557F   [8]  80 00 00 00 08 00 00 DF
  slcan0  1401557D   [8]  F5 00 00 00 00 00 00 D6
  slcan0  1401557F   [8]  7A 04 00 00 00 00 00 D6
  slcan0  1401557F   [8]  81 00 00 00 08 00 00 C0
  slcan0  1401557D   [8]  F6 00 00 00 00 00 00 D7
  slcan0  1401557F   [8]  7B 04 00 00 00 00 00 D7
  slcan0  1401557F   [8]  82 00 00 00 08 00 00 C1
  slcan0  1401557D   [8]  F7 00 00 00 00 00 00 D8
  slcan0  1401557F   [8]  7C 04 00 00 00 00 00 D8
  slcan0  1401557F   [8]  83 00 00 00 08 00 00 C2
  slcan0  1401557D   [8]  F8 00 00 00 00 00 00 D9
  slcan0  1401557F   [8]  7D 04 00 00 00 00 00 D9
  slcan0  1401557F   [8]  84 00 00 00 08 00 00 C3
  slcan0  1401557D   [8]  F9 00 00 00 00 00 00 DA
  slcan0  1401557F   [8]  7E 04 00 00 00 00 00 DA
  slcan0  1401557F   [8]  85 00 00 00 08 00 00 C4
  slcan0  1401557D   [8]  FA 00 00 00 00 00 00 DB
  slcan0  1401557F   [8]  7F 04 00 00 00 00 00 DB
  slcan0  1401557F   [8]  86 00 00 00 08 00 00 C5
  slcan0  1401557D   [8]  FB 00 00 00 00 00 00 DC
  slcan0  1401557F   [8]  80 04 00 00 00 00 00 DC
  slcan0  1401557F   [8]  87 00 00 00 08 00 00 C6
  slcan0  1401557D   [8]  FC 00 00 00 00 00 00 DD
  slcan0  1401557F   [8]  81 04 00 00 00 00 00 DD
  slcan0  1401557F   [8]  88 00 00 00 08 00 00 C7
  slcan0  1401557D   [8]  FD 00 00 00 00 00 00 DE
  slcan0  1401557F   [8]  82 04 00 00 00 00 00 DE
  slcan0  1401557F   [8]  89 00 00 00 08 00 00 C8
  slcan0  1401557D   [8]  FE 00 00 00 00 00 00 DF
  slcan0  1401557F   [8]  83 04 00 00 00 00 00 DF
  slcan0  1401557F   [8]  8A 00 00 00 08 00 00 C9
  slcan0  1401557D   [8]  FF 00 00 00 00 00 00 C0
  slcan0  1401557F   [8]  84 04 00 00 00 00 00 C0
  slcan0  1401557F   [8]  8B 00 00 00 08 00 00 CA
  slcan0  1401557D   [8]  00 01 00 00 00 00 00 C1
  slcan0  1401557F   [8]  85 04 00 00 00 00 00 C1
  slcan0  1401557F   [8]  8C 00 00 00 08 00 00 CB
  slcan0  1401557D   [8]  01 01 00 00 00 00 00 C2
  slcan0  1401557F   [8]  86 04 00 00 00 00 00 C2
  slcan0  1401557F   [8]  8D 00 00 00 08 00 00 CC
  slcan0  1401557D   [8]  02 01 00 00 00 00 00 C3
  slcan0  1401557F   [8]  87 04 00 00 00 00 00 C3
  slcan0  1401557F   [8]  8E 00 00 00 08 00 00 CD
  slcan0  1401557D   [8]  03 01 00 00 00 00 00 C4
  slcan0  1401557F   [8]  88 04 00 00 00 00 00 C4
  slcan0  1401557F   [8]  8F 00 00 00 08 00 00 CE
  slcan0  1401557D   [8]  04 01 00 00 00 00 00 C5
  slcan0  1401557F   [8]  89 04 00 00 00 00 00 C5
  slcan0  1401557F   [8]  90 00 00 00 08 00 00 CF
  slcan0  1401557D   [8]  05 01 00 00 00 00 00 C6
  slcan0  1401557F   [8]  8A 04 00 00 00 00 00 C6
  slcan0  1401557F   [8]  91 00 00 00 08 00 00 D0
  slcan0  1401557D   [8]  06 01 00 00 00 00 00 C7
  slcan0  1401557F   [8]  8B 04 00 00 00 00 00 C7
  slcan0  1401557D   [8]  07 01 00 00 00 00 00 C8
  slcan0  1401557F   [8]  8C 04 00 00 00 00 00 C8
  slcan0  1401557D   [8]  08 01 00 00 00 00 00 C9
  slcan0  1401557F   [8]  8D 04 00 00 00 00 00 C9
  slcan0  1401557D   [8]  09 01 00 00 00 00 00 CA
  slcan0  1401557F   [8]  8E 04 00 00 00 00 00 CA
  slcan0  1401557D   [8]  0A 01 00 00 00 00 00 CB
  slcan0  1401557F   [8]  8F 04 00 00 00 00 00 CB
  slcan0  1401557D   [8]  0B 01 00 00 00 00 00 CC
  slcan0  1401557F   [8]  90 04 00 00 00 00 00 CC
  slcan0  1401557D   [8]  0C 01 00 00 00 00 00 CD
  slcan0  1401557F   [8]  91 04 00 00 00 00 00 CD
  slcan0  1401557D   [8]  0D 01 00 00 00 00 00 CE
  slcan0  1401557F   [8]  92 04 00 00 00 00 00 CE
